ulog.c:199:13:output_lock	8	static
ulog.c:420:13:do_output	32	static
ulog.c:184:13:output_unlock	8	static
ulog.c:1226:5:ulog_init	32	static
ulog.c:384:6:ulog_output_to_all_backend.part.4	56	static
ulog.c:142:8:ulog_strcpy	16	static
ulog.c:164:8:ulog_ultoa	24	static
ulog.c:232:19:ulog_formater	48	static
ulog.c:384:6:ulog_output_to_all_backend	16	static
ulog.c:484:6:ulog_voutput	40	static
ulog.c:568:6:ulog_output	28	static
ulog.c:586:6:ulog_raw	32	static
ulog.c:636:6:ulog_hexdump	72	static
ulog.c:1110:10:ulog_backend_register	24	static
ulog.c:1134:10:ulog_backend_unregister	16	static
ulog.c:1159:6:ulog_async_output	32	static
ulog.c:1182:6:ulog_async_waiting_log	16	static
ulog.c:1188:13:async_output_thread_entry	8	static
ulog.c:1203:6:ulog_flush	8	static
ulog.c:1275:6:ulog_deinit	16	static
