board.c:643:5:flash_suspend	24	static
board.c:674:6:flash_resume	24	static
board.c:729:12:MX_IWDG_Init	8	static
board.c:73:6:HAL_SPI_MspInit	40	static
board.c:146:6:HAL_SPI_MspDeInit	8	static
board.c:183:6:HAL_ADC_MspInit	40	static
board.c:226:6:HAL_ADC_MspDeInit	8	static
board.c:258:6:HAL_LPTIM_MspInit	8	static
board.c:283:6:HAL_LPTIM_MspDeInit	8	static
board.c:303:6:MX_GPIO_Init	72	static
board.c:34:14:rt_hw_board_init	8	static
board.c:409:6:SystemClock_MSI_ON	80	static
board.c:440:6:SystemClock_MSI_OFF	64	static
board.c:465:6:SystemClock_RunModeNormal	112	static
board.c:459:6:SystemClock_RunModeHigh	8	static
board.c:518:6:SystemClock_RunModeMedium	80	static
board.c:560:6:SystemClock_RunModeLow	80	static
board.c:604:6:SystemClock_ReConfig	8	static
board.c:625:10:mx25_shoutdown	24	static
board.c:703:6:flash_pm_device_init	8	static
board.c:753:5:PVD_Init	16	static
board.c:893:6:HAL_UART_MspDeInit	8	static
board.c:970:6:HAL_TIM_MspPostInit	32	static
board.c:1043:5:MX_TIM2_Init	48	static
board.c:1003:6:HAL_TIM_Base_MspInit	0	static
board.c:1026:6:HAL_TIM_Base_MspDeInit	0	static
