ringblk_buf.c:26:6:rt_rbb_init	24	static
ringblk_buf.c:56:10:rt_rbb_create	32	static
ringblk_buf.c:94:6:rt_rbb_destroy	8	static
ringblk_buf.c:133:14:rt_rbb_blk_alloc	32	static
ringblk_buf.c:234:6:rt_rbb_blk_put	8	static
ringblk_buf.c:251:14:rt_rbb_blk_get	8	static
ringblk_buf.c:291:11:rt_rbb_blk_size	8	static
ringblk_buf.c:306:13:rt_rbb_blk_buf	8	static
ringblk_buf.c:320:6:rt_rbb_blk_free	16	static
ringblk_buf.c:362:11:rt_rbb_blk_queue_get	40	static
ringblk_buf.c:433:11:rt_rbb_blk_queue_len	8	static
ringblk_buf.c:455:13:rt_rbb_blk_queue_buf	8	static
ringblk_buf.c:469:6:rt_rbb_blk_queue_free	24	static
ringblk_buf.c:491:11:rt_rbb_next_blk_queue_len	16	static
ringblk_buf.c:548:11:rt_rbb_get_buf_size	8	static
