ringbuffer.c:29:6:rt_ringbuffer_init	16	static
ringbuffer.c:229:11:rt_ringbuffer_putchar_force	16	static
ringbuffer.c:292:11:rt_ringbuffer_data_len	0	static
ringbuffer.c:49:11:rt_ringbuffer_put	24	static
ringbuffer.c:98:11:rt_ringbuffer_put_force	40	static
ringbuffer.c:152:11:rt_ringbuffer_get	24	static
ringbuffer.c:199:11:rt_ringbuffer_putchar	16	static
ringbuffer.c:264:11:rt_ringbuffer_getchar	16	static
ringbuffer.c:313:6:rt_ringbuffer_reset	8	static
ringbuffer.c:326:23:rt_ringbuffer_create	16	static
ringbuffer.c:353:6:rt_ringbuffer_destroy	8	static
