errno.h:15:13:__errno	8	static
reent.h:139:12:_close_r	0	static
reent.h:140:12:_execve_r	0	static
reent.h:141:12:_fcntl_r	0	static
reent.h:142:12:_fork_r	0	static
reent.h:143:12:_fstat_r	0	static
reent.h:144:12:_getpid_r	0	static
reent.h:145:12:_isatty_r	0	static
reent.h:146:12:_kill_r	0	static
reent.h:147:12:_link_r	0	static
reent.h:148:15:_lseek_r	0	static
reent.h:149:12:_mkdir_r	0	static
reent.h:150:12:_open_r	0	static
reent.h:151:17:_read_r	0	static
stdio.h:464:5:_rename_r	0	static
reent.h:153:14:_sbrk_r	0	static
reent.h:154:12:_stat_r	0	static
reent.h:155:18:_times_r	0	static
reent.h:156:12:_unlink_r	0	static
reent.h:157:12:_wait_r	0	static
reent.h:158:17:_write_r	16	static
syscalls.c:310:5:libc_get_time	32	static
reent.h:161:12:_gettimeofday_r	24	static
syscalls.c:357:1:_malloc_r	8	static
syscalls.c:371:1:_realloc_r	8	static
syscalls.c:384:7:_calloc_r	8	static
syscalls.c:398:1:_free_r	8	static
syscalls.c:404:1:exit	8	static
syscalls.c:420:1:_system	0	static
syscalls.c:426:6:__libc_init_array	0	static
syscalls.c:431:6:abort	8	static
syscalls.c:446:7:getuid	0	static
stat.h:153:8:umask	0	static
_default_fcntl.h:197:12:flock	0	static
