pm.c:59:13:_pm_device_resume	24	static
pm.c:75:13:_pm_device_frequency_change	24	static
pm.c:362:18:_rt_pm_device_read	24	static
pm.c:236:6:rt_pm_request.part.1	8	static
pm.c:261:6:rt_pm_release.part.2	8	static
pm.c:409:17:_rt_pm_device_control	8	static
pm.c:385:18:_rt_pm_device_write	8	static
pm.c:26:21:rt_pm_enter_critical	8	static
pm.c:31:14:rt_pm_exit_critical	8	static
pm.c:215:6:rt_system_power_manager	32	static
pm.c:236:6:rt_pm_request	8	static
pm.c:261:6:rt_pm_release	8	static
pm.c:285:6:rt_pm_device_register	24	static
pm.c:312:6:rt_pm_device_unregister	24	static
pm.c:345:6:rt_pm_notify_set	0	static
pm.c:354:6:rt_pm_default_set	0	static
pm.c:431:5:rt_pm_run_enter	16	static
pm.c:480:6:rt_system_pm_init	24	static
