app_near_protocol.c:225:16:near_querry_parameter	64	static
app_near_protocol.c:112:10:near_uartHeadFill	16	static
app_near_protocol.c:171:6:RecordMySendDPrg	16	static
app_near_protocol.c:191:12:try_get_mid	0	static
app_near_protocol.c:1736:14:near_meterEntryConvert	16	static
app_near_protocol.c:1770:27:near_meterEntryConvertBack	16	static
app_near_protocol.c:1852:10:near_get_package_meter_limit	0	static
app_near_protocol.c:1962:6:near_format1_convert	40	static
app_near_protocol.c:2009:6:near_format2_convert	48	static
app_near_protocol.c:2060:10:near_format_transfor	24	static
app_near_protocol.c:2579:10:near_upload_rt_data_ack	8	static
app_near_protocol.c:2666:10:near_msg_check	16	static
app_near_protocol.c:2730:6:pcp_format_check	536	static
app_near_protocol.c:2988:6:hwUartTxOption	32	static
app_near_protocol.c:3002:6:bleUartTxOption	24	static
app_near_protocol.c:2965:6:pipline	16	static
app_near_protocol.c:3036:6:uart_tx_option	8	static
app_near_protocol.c:137:6:near_transmitData	24	static
app_near_protocol.c:1256:10:near_querry_param	560	static
app_near_protocol.c:1316:10:near_set_param	608	static
app_near_protocol.c:1377:10:near_set_module_param	568	static
app_near_protocol.c:1522:10:near_querry_module_param	584	static
app_near_protocol.c:1708:10:near_querry_call_log	536	static
app_near_protocol.c:1811:10:near_set_archives	576	static
app_near_protocol.c:1868:10:near_querry_archives	872	static
app_near_protocol.c:2108:10:near_read_meter_prev	136	static
app_near_protocol.c:2174:10:near_read_all_meter_after	648	static
app_near_protocol.c:3054:6:rt_thread_near_protocol_entry	40	static
app_near_protocol.c:2263:10:near_read_all_meter_after_2	664	static
app_near_protocol.c:2376:10:near_querry_one_meter_daily_data	216	static
app_near_protocol.c:2466:10:near_querry_all_meter_frozen_data	600	static
app_near_protocol.c:2607:6:near_msg_handle_prev	24	static
app_near_protocol.c:2710:10:near_msg_handle	24	static
app_near_protocol.c:2791:6:Local_Ack_Update_Cmd19	80	static
app_near_protocol.c:2835:6:Local_Ack_Update_Cmd20	128	static
app_near_protocol.c:2901:6:Parse_Local_Updata_Protocol	8	static
app_near_protocol.c:2930:10:pcpProtocolHandle	16	static
app_near_protocol.c:3086:5:rt_thread_near_protocol_task_init	24	static
