app_gpio.c:31:6:ble_pwr_off	8	static
app_gpio.c:52:6:ble_pwr_on	8	static
app_gpio.c:73:6:eth_pwr_off	8	static
app_gpio.c:94:6:eth_pwr_on	8	static
app_gpio.c:115:6:ir_pwr_off	8	static
app_gpio.c:136:6:ir_pwr_on	8	static
app_gpio.c:157:6:uplink_led_on	8	static
app_gpio.c:178:6:uplink_led_off	8	static
app_gpio.c:199:6:downLedOn	8	static
app_gpio.c:220:6:downLedOff	8	static
app_gpio.c:240:6:alarmLedOn	8	static
app_gpio.c:261:6:alarmLedOff	8	static
app_gpio.c:281:6:mbus27vOn	8	static
app_gpio.c:290:6:mbus27vOff	8	static
app_gpio.c:299:6:mbus27v_on_check	8	static
app_gpio.c:325:6:mbus3vOn	8	static
app_gpio.c:334:6:mbus3vOff	8	static
app_gpio.c:343:6:mbus3v_on_check	8	static
app_gpio.c:371:6:closeAllChannel	8	static
app_gpio.c:397:6:open_channel	8	static
app_gpio.c:451:10:bat_volt_get	24	static
app_gpio.c:504:10:main_power_volt_get	16	static
app_gpio.c:547:10:chip_temperature_get	24	static
app_gpio.c:595:10:get_chip_VDDA	16	static
app_gpio.c:626:6:ir_38k_pwm_on	8	static
app_gpio.c:633:6:ir_38k_pwm_off	8	static
app_gpio.c:651:6:md_interrupt_enable	32	static
app_gpio.c:682:6:md_interrupt_disable	8	static
app_gpio.c:704:6:ble_interrupt_enable	32	static
