app_read_meter.c:320:17:uart_mbus_input	8	static
app_read_meter.c:915:5:rt_thread_auto_read_meter_init	24	static
app_read_meter.c:75:6:openChannel	8	static
app_read_meter.c:83:10:mbusVoltGet	24	static
app_read_meter.c:127:6:setChannelComParam	32	static
app_read_meter.c:243:6:sendReadDataCmd	8	static
app_read_meter.c:327:6:mbusUartTxOption	24	static
app_read_meter.c:350:10:read_one_meter	64	static
app_read_meter.c:391:6:mbus_close	8	static
app_read_meter.c:423:5:mbusMachineRun	208	static
app_read_meter.c:621:17:read_all_meter_save	208	static
app_read_meter.c:792:13:rt_thread_auto_read_meter_entry	144	static
app_read_meter.c:682:6:cal_periodic_read_time	16	static
app_read_meter.c:706:6:cal_periodic_upload_time	16	static
app_read_meter.c:730:6:check_timer_out_func	64	static
