app_history_data.c:89:17:read_slot_content_with_cache	32	static
app_history_data.c:130:13:write_slot_content	24	static
app_history_data.c:603:17:_group_change_state	48	static
app_history_data.c:959:6:write_indicate	8	static
app_history_data.c:383:10:history_data_del_all	56	static
app_history_data.c:184:10:history_record_init	552	static
app_history_data.c:473:10:slot_iterator_init	16	static
app_history_data.c:501:10:group_iterate	48	static
app_history_data.c:545:10:one_group_iterate	64	static
app_history_data.c:632:10:group_change_state	16	static
app_history_data.c:446:10:history_data_del_all_quick	104	static
app_history_data.c:653:10:slot_change_state	56	static
app_history_data.c:754:10:group_head_add	168	static
app_history_data.c:864:10:slot_data_append	192	static
app_history_data.c:893:10:daily_group_find	24	static
app_history_data.c:922:10:month_group_find	112	static
app_history_data.c:973:6:history_pvd_work	8	static
app_history_data.c:984:6:history_power_up_work	56	static
app_history_data.c:1006:10:set_write_hook	0	static
