main.c:93:13:idle_hook	8	static
main.c:335:6:save_sys_time	16	static
main.c:153:6:heart_led_func	8	static
main.c:255:17:uart_ble_input	8	static
main.c:263:17:uart_ir_input	8	static
main.c:271:17:uart_pt_input	8	static
main.c:417:13:volt_check_func	24	static
main.c:278:13:wakeup_timerout	16	static
main.c:341:13:ble_wake_timer_func	16	static
main.c:77:6:Feed_Watch_Dog	8	static
main.c:111:5:wdt_init	8	static
main.c:132:6:work_before_soft_rst	16	static
main.c:181:6:soft_reset_func	8	static
main.c:209:6:EXTI0_1_IRQHandler	8	static
main.c:217:6:EXTI4_15_IRQHandler	8	static
main.c:234:6:HAL_GPIO_EXTI_Callback	8	static
main.c:328:6:rst_wakeup_timer	16	static
main.c:470:6:md_putdown_handle	24	static
main.c:537:6:ble_conneted_handle	8	static
main.c:568:6:ble_disconneted_handle	24	static
main.c:606:6:hardware_init	8	static
main.c:679:6:PORInit	24	static
main.c:860:6:ram_init	64	static
main.c:1037:6:get_reset_reason	16	static
main.c:1085:6:irUartOption	544	static
main.c:1130:6:bleUartOption	544	static
main.c:1175:6:ptUartOption	544	static
main.c:1214:5:main	40	static
