ipc.c:199:10:rt_sem_init	24	static
ipc.c:232:10:rt_sem_detach	24	static
ipc.c:261:10:rt_sem_create	24	static
ipc.c:295:10:rt_sem_delete	24	static
ipc.c:324:10:rt_sem_take	32	static
ipc.c:419:10:rt_sem_trytake	8	static
ipc.c:433:10:rt_sem_release	16	static
ipc.c:483:10:rt_sem_control	32	static
ipc.c:530:10:rt_mutex_init	16	static
ipc.c:562:10:rt_mutex_detach	24	static
ipc.c:590:12:rt_mutex_create	24	static
ipc.c:625:10:rt_mutex_delete	24	static
ipc.c:654:10:rt_mutex_take	40	static
ipc.c:790:10:rt_mutex_release	24	static
ipc.c:893:10:rt_mutex_control	8	static
ipc.c:915:10:rt_event_init	16	static
ipc.c:943:10:rt_event_detach	24	static
ipc.c:969:12:rt_event_create	24	static
ipc.c:1000:10:rt_event_delete	24	static
ipc.c:1029:10:rt_event_send	48	static
ipc.c:1127:10:rt_event_recv	40	static
ipc.c:1249:10:rt_event_control	24	static
ipc.c:1294:10:rt_mb_init	24	static
ipc.c:1332:10:rt_mb_detach	24	static
ipc.c:1361:14:rt_mb_create	24	static
ipc.c:1406:10:rt_mb_delete	24	static
ipc.c:1442:10:rt_mb_send_wait	56	static
ipc.c:1574:10:rt_mb_send	8	static
ipc.c:1590:10:rt_mb_recv	48	static
ipc.c:1726:10:rt_mb_control	24	static
ipc.c:1781:10:rt_mq_init	32	static
ipc.c:1841:10:rt_mq_detach	24	static
ipc.c:1871:9:rt_mq_create	32	static
ipc.c:1939:10:rt_mq_delete	24	static
ipc.c:1975:10:rt_mq_send_wait	48	static
ipc.c:2138:10:rt_mq_send	8	static
ipc.c:2155:10:rt_mq_urgent	24	static
ipc.c:2240:10:rt_mq_recv	48	static
ipc.c:2397:10:rt_mq_control	24	static
