kservice.c:606:14:print_number	72	static
kservice.c:50:10:rt_get_errno	8	static
kservice.c:73:6:rt_set_errno	8	static
kservice.c:102:6:_rt_errno	8	static
kservice.c:126:7:rt_memset	16	static
kservice.c:210:7:rt_memcpy	20	static
kservice.c:293:7:rt_memmove	8	static
kservice.c:324:12:rt_memcmp	16	static
kservice.c:345:7:rt_strstr	24	static
kservice.c:373:13:rt_strcasecmp	16	static
kservice.c:401:7:rt_strncpy	12	static
kservice.c:433:12:rt_strncmp	12	static
kservice.c:456:12:rt_strcmp	8	static
kservice.c:476:11:rt_strnlen	8	static
kservice.c:495:11:rt_strlen	0	static
kservice.c:514:7:rt_strdup	16	static
kservice.c:777:12:rt_vsnprintf	64	static
kservice.c:1050:12:rt_snprintf	16	static
kservice.c:1070:12:rt_vsprintf	8	static
kservice.c:1082:12:rt_sprintf	12	static
kservice.c:1103:13:rt_console_get_device	0	static
kservice.c:1118:13:rt_console_set_device	16	static
kservice.c:1145:14:rt_hw_console_output	0	static
kservice.c:1156:6:rt_kputs	16	static
kservice.c:1183:6:rt_kprintf	32	static
kservice.c:535:6:rt_show_version	16	static
kservice.c:1229:7:rt_malloc_align	8	static
kservice.c:1275:6:rt_free_align	8	static
kservice.c:1316:5:__rt_ffs	0	static
kservice.c:1343:6:rt_assert_set_hook	0	static
kservice.c:1355:6:rt_assert_handler	24	static
