thread.c:80:6:rt_thread_exit	16	static
thread.c:807:6:rt_thread_timeout	8	static
thread.c:117:17:_rt_thread_init.isra.0	32	static
thread.c:49:6:rt_thread_suspend_sethook	0	static
thread.c:62:6:rt_thread_resume_sethook	0	static
thread.c:73:6:rt_thread_inited_sethook	0	static
thread.c:232:10:rt_thread_init	40	static
thread.c:264:13:rt_thread_self	0	static
thread.c:332:10:rt_thread_detach	8	static
thread.c:386:13:rt_thread_create	40	static
thread.c:431:10:rt_thread_delete	8	static
thread.c:473:10:rt_thread_yield	8	static
thread.c:715:10:rt_thread_suspend	16	static
thread.c:488:10:rt_thread_sleep	24	static
thread.c:527:10:rt_thread_delay	8	static
thread.c:597:10:rt_thread_mdelay	8	static
thread.c:541:10:rt_thread_delay_until	24	static
thread.c:764:10:rt_thread_resume	16	static
thread.c:289:10:rt_thread_startup	8	static
thread.c:620:10:rt_thread_control	24	static
thread.c:841:13:rt_thread_find	24	static
