spi_flash_sfud.c:257:13:retry_delay_100us	8	static
spi_flash_sfud.c:246:13:spi_unlock	8	static
spi_flash_sfud.c:235:13:spi_lock	8	static
spi_flash_sfud.c:137:17:spi_write_read	32	static
spi_flash_sfud.c:116:18:rt_sfud_write	24	static
spi_flash_sfud.c:98:18:rt_sfud_read	24	static
spi_flash_sfud.c:53:17:rt_sfud_control	16	static
spi_flash_sfud.c:270:6:sfud_log_debug	24	static
spi_flash_sfud.c:288:6:sfud_log_info	24	static
spi_flash_sfud.c:300:10:sfud_spi_port_init	8	static
spi_flash_sfud.c:344:23:rt_sfud_flash_probe	48	static
spi_flash_sfud.c:473:10:rt_sfud_flash_delete	16	static
spi_flash_sfud.c:491:14:rt_sfud_flash_find	8	static
spi_flash_sfud.c:516:14:rt_sfud_flash_find_by_dev_name	8	static
