app_ncg_protocol.c:2451:6:ncg_protocol_deinit	0	static
app_ncg_protocol.c:2406:6:ncg_protocol_init	8	static
app_ncg_protocol.c:2574:6:heartbeat_wait_ack	8	static
app_ncg_protocol.c:2557:6:heartbeat_time_cnt	8	static
app_ncg_protocol.c:2429:6:ncg_power_on_init	0	static
app_ncg_protocol.c:102:10:ncg_FrameHeadFill	16	static
app_ncg_protocol.c:127:6:ncg_transmitData	80	static
app_ncg_protocol.c:1821:17:ncg_try_send_data.constprop	32	static
app_ncg_protocol.c:202:6:ncg_programInitAck	72	static
app_ncg_protocol.c:235:6:ncg_fileTransferAck	232	static
app_ncg_protocol.c:336:6:ncg_programRebootAck	88	static
app_ncg_protocol.c:367:6:ncg_deviceLandingAck	8	static
app_ncg_protocol.c:385:6:ncg_deviceHearbeatAck	8	static
app_ncg_protocol.c:394:14:ncg_meterEntryConvert	16	static
app_ncg_protocol.c:429:26:ncg_meterEntryConvertBack	16	static
app_ncg_protocol.c:460:6:ncg_format1_convert	48	static
app_ncg_protocol.c:506:6:ncg_format2_convert	48	static
app_ncg_protocol.c:560:10:ncg_format_transfor	24	static
app_ncg_protocol.c:1897:13:ncg_report_data.constprop	712	static
app_ncg_protocol.c:599:6:ncg_setMeterAddrAck	72	static
app_ncg_protocol.c:641:6:ncg_readMeterAddrAck	600	static
app_ncg_protocol.c:706:6:ncg_startAllMeterAck	32	static
app_ncg_protocol.c:738:6:ncg_read_one_meter_ack	72	static
app_ncg_protocol.c:772:6:ncg_readOneMeterAck	80	static
app_ncg_protocol.c:802:6:ncg_readOneMeterDailyAck	304	static
app_ncg_protocol.c:861:6:ncg_readOneMeterMonthAck	304	static
app_ncg_protocol.c:920:6:ncg_readAllMeterDailyAck	608	static
app_ncg_protocol.c:985:6:ncg_readAllMeterMonthAck	608	static
app_ncg_protocol.c:1054:6:ncg_setBaseAck	0	static
app_ncg_protocol.c:1072:5:set_one_parameter	72	static
app_ncg_protocol.c:1435:6:ncg_setParameterAck	544	static
app_ncg_protocol.c:1475:5:read_one_parameter	88	static
app_ncg_protocol.c:1728:6:ncg_readParameterAck	672	static
app_ncg_protocol.c:1766:6:ncg_autoReportAck	8	static
app_ncg_protocol.c:1794:6:ncg_globalValveControlAck	0	static
app_ncg_protocol.c:1799:6:ncg_autoReportValveStateAck	0	static
app_ncg_protocol.c:1804:6:ncg_querryWarningInfoAck	0	static
app_ncg_protocol.c:1809:6:ncg_rtReportWarningInfoAck	0	static
app_ncg_protocol.c:1814:6:ncg_auotReportWarningInfoAck	0	static
app_ncg_protocol.c:2025:6:ncg_report_rt_data	672	static
app_ncg_protocol.c:2128:6:ncg_autoReportAckHandle	8	static
app_ncg_protocol.c:2161:6:ncg_protocolDeal	32	static
app_ncg_protocol.c:2347:10:ncg_revMsgHandle	40	static
app_ncg_protocol.c:2298:10:ncg_format_check	16	static
app_ncg_protocol.c:2390:6:ncg_calUploadTime	0	static
app_ncg_protocol.c:2592:6:pt_uart_close	8	static
app_ncg_protocol.c:2619:6:pt_uart_open	8	static
app_ncg_protocol.c:2473:10:log_to_server	96	static
app_ncg_protocol.c:2644:6:ncg_main_entry	112	static
